------------------------------------------------------------
Timing Analyzer Summary
------------------------------------------------------------

Type  : Slow 1200mV 85C Model Setup 'hsync_in'
Slack : -6.742
TNS   : -6.742

Type  : Slow 1200mV 85C Model Setup 'vsync_in'
Slack : -6.196
TNS   : -6.196

Type  : Slow 1200mV 85C Model Setup 'clk_rw'
Slack : -5.899
TNS   : -29.981

Type  : Slow 1200mV 85C Model Setup 'clk_in'
Slack : 0.590
TNS   : 0.000

Type  : Slow 1200mV 85C Model Hold 'clk_in'
Slack : 0.340
TNS   : 0.000

Type  : Slow 1200mV 85C Model Hold 'clk_rw'
Slack : 0.341
TNS   : 0.000

Type  : Slow 1200mV 85C Model Hold 'vsync_in'
Slack : 9.148
TNS   : 0.000

Type  : Slow 1200mV 85C Model Hold 'hsync_in'
Slack : 11.020
TNS   : 0.000

Type  : Slow 1200mV 85C Model Recovery 'clk_rw'
Slack : 4.245
TNS   : 0.000

Type  : Slow 1200mV 85C Model Removal 'clk_rw'
Slack : 11.436
TNS   : 0.000

Type  : Slow 1200mV 85C Model Minimum Pulse Width 'clk_in'
Slack : 4.525
TNS   : 0.000

Type  : Slow 1200mV 85C Model Minimum Pulse Width 'clk_rw'
Slack : 9.713
TNS   : 0.000

Type  : Slow 1200mV 85C Model Minimum Pulse Width 'hsync_in'
Slack : 396.000
TNS   : 0.000

Type  : Slow 1200mV 85C Model Minimum Pulse Width 'vsync_in'
Slack : 996.000
TNS   : 0.000

Type  : Slow 1200mV 0C Model Setup 'hsync_in'
Slack : -6.046
TNS   : -6.046

Type  : Slow 1200mV 0C Model Setup 'vsync_in'
Slack : -5.516
TNS   : -5.516

Type  : Slow 1200mV 0C Model Setup 'clk_rw'
Slack : -5.296
TNS   : -21.143

Type  : Slow 1200mV 0C Model Setup 'clk_in'
Slack : 0.835
TNS   : 0.000

Type  : Slow 1200mV 0C Model Hold 'clk_in'
Slack : 0.304
TNS   : 0.000

Type  : Slow 1200mV 0C Model Hold 'clk_rw'
Slack : 0.305
TNS   : 0.000

Type  : Slow 1200mV 0C Model Hold 'vsync_in'
Slack : 8.413
TNS   : 0.000

Type  : Slow 1200mV 0C Model Hold 'hsync_in'
Slack : 10.176
TNS   : 0.000

Type  : Slow 1200mV 0C Model Recovery 'clk_rw'
Slack : 4.257
TNS   : 0.000

Type  : Slow 1200mV 0C Model Removal 'clk_rw'
Slack : 11.530
TNS   : 0.000

Type  : Slow 1200mV 0C Model Minimum Pulse Width 'clk_in'
Slack : 4.468
TNS   : 0.000

Type  : Slow 1200mV 0C Model Minimum Pulse Width 'clk_rw'
Slack : 9.745
TNS   : 0.000

Type  : Slow 1200mV 0C Model Minimum Pulse Width 'hsync_in'
Slack : 396.000
TNS   : 0.000

Type  : Slow 1200mV 0C Model Minimum Pulse Width 'vsync_in'
Slack : 996.000
TNS   : 0.000

Type  : Fast 1200mV 0C Model Setup 'clk_rw'
Slack : -1.794
TNS   : -3.579

Type  : Fast 1200mV 0C Model Setup 'hsync_in'
Slack : -1.644
TNS   : -1.644

Type  : Fast 1200mV 0C Model Setup 'vsync_in'
Slack : -1.388
TNS   : -1.388

Type  : Fast 1200mV 0C Model Setup 'clk_in'
Slack : 3.020
TNS   : 0.000

Type  : Fast 1200mV 0C Model Hold 'clk_rw'
Slack : 0.141
TNS   : 0.000

Type  : Fast 1200mV 0C Model Hold 'clk_in'
Slack : 0.143
TNS   : 0.000

Type  : Fast 1200mV 0C Model Hold 'vsync_in'
Slack : 4.527
TNS   : 0.000

Type  : Fast 1200mV 0C Model Hold 'hsync_in'
Slack : 5.345
TNS   : 0.000

Type  : Fast 1200mV 0C Model Recovery 'clk_rw'
Slack : 6.034
TNS   : 0.000

Type  : Fast 1200mV 0C Model Removal 'clk_rw'
Slack : 11.187
TNS   : 0.000

Type  : Fast 1200mV 0C Model Minimum Pulse Width 'clk_in'
Slack : 4.419
TNS   : 0.000

Type  : Fast 1200mV 0C Model Minimum Pulse Width 'clk_rw'
Slack : 9.418
TNS   : 0.000

Type  : Fast 1200mV 0C Model Minimum Pulse Width 'hsync_in'
Slack : 396.000
TNS   : 0.000

Type  : Fast 1200mV 0C Model Minimum Pulse Width 'vsync_in'
Slack : 996.000
TNS   : 0.000

------------------------------------------------------------
