------------------------------------------------------------
Timing Analyzer Summary
------------------------------------------------------------

Type  : Slow 1200mV 85C Model Setup 'hsync_in'
Slack : -6.620
TNS   : -6.620

Type  : Slow 1200mV 85C Model Setup 'vsync_in'
Slack : -5.667
TNS   : -5.667

Type  : Slow 1200mV 85C Model Setup 'clk_rw'
Slack : -3.662
TNS   : -14.431

Type  : Slow 1200mV 85C Model Setup 'clk_in'
Slack : 0.864
TNS   : 0.000

Type  : Slow 1200mV 85C Model Hold 'clk_rw'
Slack : 0.344
TNS   : 0.000

Type  : Slow 1200mV 85C Model Hold 'clk_in'
Slack : 0.360
TNS   : 0.000

Type  : Slow 1200mV 85C Model Hold 'vsync_in'
Slack : 9.374
TNS   : 0.000

Type  : Slow 1200mV 85C Model Hold 'hsync_in'
Slack : 10.676
TNS   : 0.000

Type  : Slow 1200mV 85C Model Recovery 'clk_rw'
Slack : 4.808
TNS   : 0.000

Type  : Slow 1200mV 85C Model Removal 'clk_rw'
Slack : 11.902
TNS   : 0.000

Type  : Slow 1200mV 85C Model Minimum Pulse Width 'clk_in'
Slack : 4.636
TNS   : 0.000

Type  : Slow 1200mV 85C Model Minimum Pulse Width 'clk_rw'
Slack : 9.713
TNS   : 0.000

Type  : Slow 1200mV 85C Model Minimum Pulse Width 'hsync_in'
Slack : 396.000
TNS   : 0.000

Type  : Slow 1200mV 85C Model Minimum Pulse Width 'vsync_in'
Slack : 996.000
TNS   : 0.000

Type  : Slow 1200mV 0C Model Setup 'hsync_in'
Slack : -5.933
TNS   : -5.933

Type  : Slow 1200mV 0C Model Setup 'vsync_in'
Slack : -5.016
TNS   : -5.016

Type  : Slow 1200mV 0C Model Setup 'clk_rw'
Slack : -2.761
TNS   : -6.843

Type  : Slow 1200mV 0C Model Setup 'clk_in'
Slack : 1.121
TNS   : 0.000

Type  : Slow 1200mV 0C Model Hold 'clk_rw'
Slack : 0.308
TNS   : 0.000

Type  : Slow 1200mV 0C Model Hold 'clk_in'
Slack : 0.322
TNS   : 0.000

Type  : Slow 1200mV 0C Model Hold 'vsync_in'
Slack : 8.630
TNS   : 0.000

Type  : Slow 1200mV 0C Model Hold 'hsync_in'
Slack : 9.799
TNS   : 0.000

Type  : Slow 1200mV 0C Model Recovery 'clk_rw'
Slack : 4.774
TNS   : 0.000

Type  : Slow 1200mV 0C Model Removal 'clk_rw'
Slack : 11.937
TNS   : 0.000

Type  : Slow 1200mV 0C Model Minimum Pulse Width 'clk_in'
Slack : 4.593
TNS   : 0.000

Type  : Slow 1200mV 0C Model Minimum Pulse Width 'clk_rw'
Slack : 9.748
TNS   : 0.000

Type  : Slow 1200mV 0C Model Minimum Pulse Width 'hsync_in'
Slack : 396.000
TNS   : 0.000

Type  : Slow 1200mV 0C Model Minimum Pulse Width 'vsync_in'
Slack : 996.000
TNS   : 0.000

Type  : Fast 1200mV 0C Model Setup 'hsync_in'
Slack : -1.539
TNS   : -1.539

Type  : Fast 1200mV 0C Model Setup 'vsync_in'
Slack : -1.174
TNS   : -1.174

Type  : Fast 1200mV 0C Model Setup 'clk_rw'
Slack : 1.500
TNS   : 0.000

Type  : Fast 1200mV 0C Model Setup 'clk_in'
Slack : 3.268
TNS   : 0.000

Type  : Fast 1200mV 0C Model Hold 'clk_rw'
Slack : 0.143
TNS   : 0.000

Type  : Fast 1200mV 0C Model Hold 'clk_in'
Slack : 0.150
TNS   : 0.000

Type  : Fast 1200mV 0C Model Hold 'vsync_in'
Slack : 4.596
TNS   : 0.000

Type  : Fast 1200mV 0C Model Hold 'hsync_in'
Slack : 5.247
TNS   : 0.000

Type  : Fast 1200mV 0C Model Recovery 'clk_rw'
Slack : 6.300
TNS   : 0.000

Type  : Fast 1200mV 0C Model Removal 'clk_rw'
Slack : 11.397
TNS   : 0.000

Type  : Fast 1200mV 0C Model Minimum Pulse Width 'clk_in'
Slack : 4.419
TNS   : 0.000

Type  : Fast 1200mV 0C Model Minimum Pulse Width 'clk_rw'
Slack : 9.418
TNS   : 0.000

Type  : Fast 1200mV 0C Model Minimum Pulse Width 'hsync_in'
Slack : 396.000
TNS   : 0.000

Type  : Fast 1200mV 0C Model Minimum Pulse Width 'vsync_in'
Slack : 996.000
TNS   : 0.000

------------------------------------------------------------
